
# Copy the new file into the github directory
MenfiSystems (master) gitHubNotes $ cp /tmp/gitHub.txt .
 
# New file in local repository directory
MenfiSystems (master) gitHubNotes $ ls -l
total 56
-rw-r--r--  1 MenfiSystems  staff     90 Apr 20 16:51 README.md
-rw-r--r--@ 1 MenfiSystems  staff  23840 Apr 20 16:53 gitHub.txt

# git status after copy - before add
MenfiSystems (master) gitHubNotes $ git status
On branch master
Your branch is up-to-date with 'origin/master'.
Untracked files:
  (use "git add <file>..." to include in what will be committed)

	gitHub.txt

nothing added to commit but untracked files present (use "git add" to track)

# git add
MenfiSystems (master) gitHubNotes $ git add gitHub.txt

# git status after git add
MenfiSystems (master +) gitHubNotes $ git status
On branch master
Your branch is up-to-date with 'origin/master'.
Changes to be committed:
  (use "git reset HEAD <file>..." to unstage)

	new file:   gitHub.txt
 
# git commit
MenfiSystems (master +) gitHubNotes $ git commit -m "Add current gitHub.txt file"
[master 914e827] Add current gitHub.txt file
 Committer: Michael <MenfiSystems@Michaels-MacBook-Pro-2.local>
Your name and email address were configured automatically based
on your username and hostname. Please check that they are accurate.
You can suppress this message by setting them explicitly:

    git config --global user.name "Your Name"
    git config --global user.email you@example.com

After doing this, you may fix the identity used for this commit with:

    git commit --amend --reset-author

 1 file changed, 870 insertions(+)
 create mode 100644 gitHub.txt

# git status after git commit 
MenfiSystems (master) gitHubNotes $ git status
On branch master
Your branch is ahead of 'origin/master' by 1 commit.
  (use "git push" to publish your local commits)
nothing to commit, working directory clean

# git push
MenfiSystems (master) gitHubNotes $ git push origin master
Counting objects: 3, done.
Delta compression using up to 4 threads.
Compressing objects: 100% (3/3), done.
Writing objects: 100% (3/3), 6.41 KiB | 0 bytes/s, done.
Total 3 (delta 0), reused 0 (delta 0)
To https://github.com/mciaccio/gitHubNotes
   54a9c05..914e827  master -> master

# git status after git commit 
MenfiSystems (master) gitHubNotes $ git status
On branch master
Your branch is up-to-date with 'origin/master'.
nothing to commit, working directory 

# At this point the file is populated 
# https://github.com/mciaccio/gitHubNotes/blob/master/gitHub.txt




